
> fracture-recovery-companion@0.1.0 typecheck D:\work\MyStartupProject1
> tsc --noEmit

